// Jest Snapshot v1, https://goo.gl/fbAQLP

exports[`renders without crashing 1`] = `
<div
  className="tc"
>
  <div>
    <button
      color="red"
      onClick={[Function]}
    >
      count: 
      0
    </button>
    <h1
      className="f1 "
    >
      RoboFriends 
    </h1>
  </div>
  <input
    aria-label="Search Robots"
    className="pa3 ba b--green bg-lightest-blue"
    placeholder="search robots"
    type="search"
  />
  <div
    style={
      Object {
        "border": "5px solid black",
        "height": "800px",
        "overflowY": "scroll",
      }
    }
  >
    <div />
    ;
  </div>
</div>
`;
